// Jest Snapshot v1, https://goo.gl/fbAQLP

exports[`Facts component renders Facts 1`] = `
<Provider
  store={
    Object {
      "dispatch": [Function],
      "getState": [Function],
      "replaceReducer": [Function],
      "subscribe": [Function],
      Symbol(observable): [Function],
    }
  }
>
  <Facts>
    <ul />
  </Facts>
</Provider>
`;
