// Jest Snapshot v1, https://goo.gl/fbAQLP

exports[`Fact component renders Fact 1`] = `
<figure>
  <img
    src="image.png"
  />
  <figcaption>
    wild animals
  </figcaption>
</figure>
`;
